src/application/navigation/RootNavigator.tsx(93,21): error TS2353: Object literal may only specify known properties, and 'contentStyle' does not exist in type 'StackNavigationOptions | ((props: { route: RouteProp<RootStackParamList, keyof RootStackParamList>; navigation: any; }) => StackNavigationOptions)'.
src/features/categories/CategoriesScreen.tsx(85,57): error TS2339: Property 'gray400' does not exist on type '{ background: string; surface: string; text: string; textSecondary: string; border: string; primary: string; primaryForeground: string; destructive: string; success: string; inputBackground: string; }'.
src/features/items/AddEditItemScreen.tsx(107,53): error TS2339: Property 'gray400' does not exist on type '{ background: string; surface: string; text: string; textSecondary: string; border: string; primary: string; primaryForeground: string; destructive: string; success: string; inputBackground: string; }'.
src/features/items/AddEditItemScreen.tsx(142,53): error TS2339: Property 'gray400' does not exist on type '{ background: string; surface: string; text: string; textSecondary: string; border: string; primary: string; primaryForeground: string; destructive: string; success: string; inputBackground: string; }'.
src/features/items/BulkAddScreen.tsx(59,49): error TS2339: Property 'gray400' does not exist on type '{ background: string; surface: string; text: string; textSecondary: string; border: string; primary: string; primaryForeground: string; destructive: string; success: string; inputBackground: string; }'.
src/shared/components/ItemRow.tsx(3,32): error TS2307: Cannot find module '../../../data/models' or its corresponding type declarations.
